- name: Memórias do Subsolo
  author: Fyodor Dostoevsky
  myrating: "0"
  yearpublished: "2009"
  url: https://www.goodreads.com/book/show/517435
- name: Ein Brasilianer in Berlin
  author: João Ubaldo Ribeiro
  myrating: "0"
  yearpublished: "2017"
  url: https://www.goodreads.com/book/show/13614950
- name: Mastering Emacs
  author: Mickey Petersen
  myrating: "0"
  yearpublished: "2022"
  url: https://www.goodreads.com/book/show/25587882
