- name: Computerphile
  channelid: UC9-y-6csu5WGm29I7JiwpnA
  channelurl: http://www.youtube.com/channel/UC9-y-6csu5WGm29I7JiwpnA
- name: Technology Connections
  channelid: UCy0tKL1T7wFoYcxCe0xjN6Q
  channelurl: http://www.youtube.com/channel/UCy0tKL1T7wFoYcxCe0xjN6Q
- name: LiveOverflow
  channelid: UClcE-kVhqyiHCcjYwcpfj9w
  channelurl: http://www.youtube.com/channel/UClcE-kVhqyiHCcjYwcpfj9w
