- name: My Small Land
  year: "2022"
  url: https://boxd.it/4wyHj9
  date: "2023-07-16"
  rating: "5"
- name: Mars One
  year: "2022"
  url: https://boxd.it/5geIaV
  date: "2023-12-03"
  rating: "4.5"
- name: As Tears Go By
  year: "1988"
  url: https://boxd.it/5nUHjJ
  date: "2023-12-24"
  rating: "5"
