- name: No Intenso Agora
  originalname: No Intenso Agora
  directors: João Moreira Salles
  year: "2017"
  yourrating: "10"
  url: https://www.imdb.com/title/tt6532954/
  position: "1"
  const: tt6532954
  created: "2018-05-25"
  modified: "2018-05-25"
  description: ""
  titletype: Movie
  imdbrating: "7.4"
  runtimemins: "127"
  genres: Documentary, History
  numvotes: "623"
  releasedate: "2018-01-31"
  daterated: "2018-05-25"
- name: Loving Vincent
  originalname: Loving Vincent
  directors: DK Welchman, Hugh Welchman
  year: "2017"
  yourrating: "10"
  url: https://www.imdb.com/title/tt3262342/
  position: "2"
  const: tt3262342
  created: "2018-01-20"
  modified: "2018-01-20"
  description: ""
  titletype: Movie
  imdbrating: "7.8"
  runtimemins: "94"
  genres: Animation, Drama, Mystery
  numvotes: "65222"
  releasedate: "2017-09-22"
  daterated: "2018-01-20"
- name: T2 Trainspotting
  originalname: T2 Trainspotting
  directors: Danny Boyle
  year: "2017"
  yourrating: "9"
  url: https://www.imdb.com/title/tt2763304/
  position: "3"
  const: tt2763304
  created: "2017-05-28"
  modified: "2017-05-28"
  description: ""
  titletype: Movie
  imdbrating: "7.1"
  runtimemins: "117"
  genres: Comedy, Crime, Drama
  numvotes: "135606"
  releasedate: "2017-03-31"
  daterated: "2017-05-28"
