- name: Shoot the Piano Player
  originalname: Tirez sur le pianiste
  directors: François Truffaut
  year: "1960"
  created: "2016-01-15"
  position: "8"
  url: https://www.imdb.com/title/tt0054389/
  const: tt0054389
  modified: "2016-01-15"
  description: ""
  titletype: Movie
  imdbrating: "7.4"
  runtimemins: "92"
  genres: Crime, Drama, Thriller
  numvotes: "21077"
  releasedate: "1962-07-23"
  yourrating: ""
  daterated: ""
- name: Cobweb
  originalname: Geomijip
  directors: Kim Jee-woon
  year: "2023"
  created: "2023-12-25"
  position: "218"
  url: https://www.imdb.com/title/tt21254598/
  const: tt21254598
  modified: "2023-12-25"
  description: ""
  titletype: Movie
  imdbrating: "6.6"
  runtimemins: "135"
  genres: Comedy, Drama, History
  numvotes: "1908"
  releasedate: "2024-02-09"
  yourrating: ""
  daterated: ""
- name: Elis and Tom
  originalname: 'Elis & Tom: Só Tinha de Ser com Você'
  directors: Roberto de Oliveira, Jom Tob Azulay
  year: "2022"
  created: "2023-12-29"
  position: "220"
  url: https://www.imdb.com/title/tt26255088/
  const: tt26255088
  modified: "2023-12-29"
  description: ""
  titletype: Movie
  imdbrating: "7.8"
  runtimemins: "100"
  genres: Documentary, Music
  numvotes: "438"
  releasedate: "2024-08-01"
  yourrating: ""
  daterated: ""
