- name: Killers of the Flower Moon
  directors: Martin Scorsese
  year: "2023"
  created: "2023-12-25"
  position: "222"
  url: https://www.imdb.com/title/tt5537002/
- name: Kuolleet lehdet
  directors: Aki Kaurismäki
  year: "2023"
  created: "2023-12-25"
  position: "223"
  url: https://www.imdb.com/title/tt21027780/
- name: Elis & Tom, só tinha de ser com você
  directors: Roberto de Oliveira, Jom Tob Azulay
  year: "2023"
  created: "2023-12-25"
  position: "224"
  url: https://www.imdb.com/title/tt26255088/
